RESULT|dspark7-async|111.6|ttft=6135ms|accept=2.18|boot=209s
RESULT|dspark7-async|sampled=109.4|greedy=51.5|ttft=8432ms|accept=2.24|boot=224s
RESULT|dspark7-async-v2runner|sampled=107.5|greedy=112.3|ttft=15347ms|accept=2.24|boot=216s
RESULT|dspark7-prob-noasync|sampled=113.4|greedy=111.5|ttft=4554ms|accept=2.24|boot=224s
RESULT|dspark5-async|sampled=107.1|greedy=113.7|ttft=7169ms|accept=2.12|boot=200s
RESULT|dspark4-async|DIED(exited)
RESULT|dspark3-async|DIED(exited)
RESULT|dspark7-async-topk8|DIED(exited)
RESULT|dspark5-async-u88|sampled=101.6|greedy=117.9|ttft=16859ms|accept=2.10|boot=224s
RESULT|dspark4-async-u88|sampled=102.8|greedy=111.4|ttft=18104ms|accept=2.10|boot=201s
RESULT|dspark3-async-u88|sampled=96.4|greedy=104.5|ttft=21060ms|accept=1.99|boot=200s
RESULT|dspark7-async-u88|sampled=107.7|greedy=112.4|ttft=15324ms|accept=2.24|boot=208s
RESULT|dspark7-async-topk8-u88|sampled=107.6|greedy=109.3|ttft=14688ms|accept=2.11|boot=208s
RESULT|dspark5-prob-noasync-u88|sampled=112.2|greedy=113.5|ttft=15602ms|accept=2.21|boot=201s
RESULT|dspark5-async-u95|DIED(exited)
RESULT|dspark5-async-u92|sampled=103.7|greedy=113.9|ttft=11658ms|accept=2.11|boot=216s
RESULT|dspark5-async-u88|sampled=105.9|greedy=115.8|ttft=14032ms|accept=2.12|boot=200s
RESULT|h2h-dspark7-async|sampled=102.0|greedy=112.3|ttft=9819ms|accept=2.16|boot=208s
RESULT|h2h-dspark5-async|sampled=106.5|greedy=116.9|ttft=7118ms|accept=2.18|boot=200s
RESULT|h2h-dspark7-prob|sampled=110.9|greedy=114.0|ttft=7831ms|accept=2.19|boot=208s
RESULT|gdnfused-base|DIED(exited)
RESULT|gdnfused-dspark7-async|DIED(exited)
RESULT|gdnfused-dspark5-async|DIED(exited)
RESULT|h2h-dspark5-prob|sampled=109.1|greedy=113.3|ttft=14695ms|accept=2.22|boot=216s
RESULT|h2h-dspark6-async|sampled=109.5|greedy=114.0|ttft=8010ms|accept=2.16|boot=200s
FINAL|dspark5-async|sampled=103.8|fixedlen=88.1|greedy=110.7
FINAL|dspark7-prob|sampled=111.8|fixedlen=90.0|greedy=112.2
FINAL|dspark5-prob|sampled=111.1|fixedlen=91.6|greedy=107.0
FINAL|nospec|sampled=77.1|fixedlen=77.3|greedy=78.8
FINAL|dspark7-prob-mnbt16k|sampled=110.0|fixedlen=92.3|greedy=110.6
